// Jest Snapshot v1, https://goo.gl/fbAQLP

exports[`should return the sent message 1`] = `
"node test --config ./e2e/corde.config.ts --files ./e2e/sendMessage/__cordeTest__/bot_case1.spec.ts
TEST MESSAGE

 PASS   e2e\\\\sendMessage\\\\__cordeTest__\\\\bot_case1.spec.ts   100ms
   âœ”  should send a message   100ms

Test Files: 1 passed. 1 total
Tests:      1 passed. 1 total
Time:       100ms
"
`;
