File: test2.spec.ts
exit code: 1
 RUNS   e2e/toAddReaction/test2.spec.ts
 RUNS   e2e/toAddReaction/test2.spec.ts
   ● should fail in add reaction to a message
 RUNS   e2e/toAddReaction/test2.spec.ts
   x should fail in add reaction to a message   10.192s
 RUNS   e2e/toAddReaction/test2.spec.ts
   x should fail in add reaction to a message   10.192s
    
    expected: to add reactions 😎
    received: no reaction was added to message

 RUNS   e2e/toAddReaction/test2.spec.ts
   x should fail in add reaction to a message   10.192s
    
    expected: to add reactions 😎
    received: no reaction was added to message

    at toAddReaction Object.toAddReaction (lib\src\expect\index.js:23:60)
    at e2e\toAddReaction\test2.spec.ts:7:34
    at _internalTest (lib\src\closures\test.js:21:19)

 FAIL    e2e/toAddReaction/test2.spec.ts   10.197s
   x should fail in add reaction to a message   10.192s
    
    expected: to add reactions 😎
    received: no reaction was added to message

    at toAddReaction Object.toAddReaction (lib\src\expect\index.js:23:60)
    at e2e\toAddReaction\test2.spec.ts:7:34
    at _internalTest (lib\src\closures\test.js:21:19)

Test Files: 1 failed. 1 total
Tests:      1 failed. 1 total
Time:       10.198s
