// Jest Snapshot v1, https://goo.gl/fbAQLP

exports[`should set role as mentionable 1`] = `
"
 PASS   e2e\\\\toSetRolePosition\\\\__cordeTest__\\\\bot_case1.spec.ts   100ms
   âœ”  should increase a role position   100ms

Test Files: 1 passed. 1 total
Tests:      1 passed. 1 total
Time:       100ms
"
`;
