// Jest Snapshot v1, https://goo.gl/fbAQLP

exports[`should fail when trying to set role as mentionable 1`] = `
"
 FAIL   e2e\\\\toSetRolePosition\\\\__cordeTest__\\\\bot_case2.spec.ts   100ms
   x should fail when increase role position   100ms
    
    expected: role position to change to 5
    received: position didn't change

    at toSetRolePosition e2e\\\\toSetRolePosition\\\\__cordeTest__\\\\bot_case2.spec.ts:8:54
    at _internalTest (lib\\\\src\\\\closures\\\\test.js:29:13)
    at lib\\\\src\\\\closures\\\\test.js:52:65

Test Files: 1 failed. 1 total
Tests:      1 failed. 1 total
Time:       100ms
"
`;
